// Jest Snapshot v1, https://goo.gl/fbAQLP

exports[`<QueryResultsBody /> spec renders the component 1`] = `
<div>
  <div
    class="euiCodeEditorWrapper"
    data-test-subj="codeEditorContainer"
    style="width: 100%;"
  >
    <div
      class="euiCodeEditorKeyboardHint"
      data-test-subj="codeEditorHint"
      id="id1ccb730-3cab-11ea-a85e-6ff740a203cf_codeEditor"
      role="button"
      tabindex="0"
    >
      <p
        class="euiText"
      >
        Press Enter to start editing.
      </p>
      <p
        class="euiText"
      >
        When you're done, press Escape to stop editing.
      </p>
    </div>
    <div
      class=" ace_editor ace-tm successful-message"
      id="id1ccb730-3cab-11ea-a85e-6ff740a203cf_d1ccde40-3cab-11ea-a85e-6ff740a203cf"
      style="width: 100%; height: 500px; font-size: 14px;"
    >
      <textarea
        aria-label="Code Editor"
        autocapitalize="off"
        autocorrect="off"
        class="ace_text-input"
        spellcheck="false"
        style="opacity: 0;"
        tabindex="-1"
        wrap="off"
      />
      <div
        aria-hidden="true"
        class="ace_gutter"
      >
        <div
          class="ace_layer ace_gutter-layer ace_folding-enabled"
        />
        <div
          class="ace_gutter-active-line"
          style="display: none;"
        />
      </div>
      <div
        class="ace_scroller"
      >
        <div
          class="ace_content"
        >
          <div
            class="ace_layer ace_print-margin-layer"
          >
            <div
              class="ace_print-margin"
              style="left: 4px; visibility: hidden;"
            />
          </div>
          <div
            class="ace_layer ace_marker-layer"
          />
          <div
            class="ace_layer ace_text-layer"
            style="padding: 0px 4px;"
          />
          <div
            class="ace_layer ace_marker-layer"
          />
          <div
            class="ace_layer ace_cursor-layer ace_hidden-cursors"
          >
            <div
              class="ace_cursor"
            />
          </div>
        </div>
      </div>
      <div
        class="ace_scrollbar ace_scrollbar-v"
        style="display: none; width: 20px;"
      >
        <div
          class="ace_scrollbar-inner"
          style="width: 20px;"
        />
      </div>
      <div
        class="ace_scrollbar ace_scrollbar-h"
        style="display: none; height: 20px;"
      >
        <div
          class="ace_scrollbar-inner"
          style="height: 20px;"
        />
      </div>
      <div
        style="height: auto; width: auto; top: 0px; left: 0px; visibility: hidden; position: absolute; white-space: pre; overflow: hidden;"
      >
        <div
          style="height: auto; width: auto; top: 0px; left: 0px; visibility: hidden; position: absolute; white-space: pre; overflow: visible;"
        />
        <div
          style="height: auto; width: auto; top: 0px; left: 0px; visibility: hidden; position: absolute; white-space: pre; overflow: visible;"
        >
          XXXXXXXXXXXXXXXXXXXXXXXXXXXXXXXXXXXXXXXXXXXXXXXXXXXXXXXXXXXXXXXXXXXXXXXXXXXXXXXXXXXXXXXXXXXXXXXXXXXX
        </div>
      </div>
    </div>
  </div>
</div>
`;
