// Jest Snapshot v1, https://goo.gl/fbAQLP

exports[`<QueryEditor /> spec renders the component 1`] = `
<div>
  <div
    class="euiPanel sql-console-query-editor container-panel"
  >
    <h1
      class="euiTitle euiTitle--large container-panel-header"
    >
      SQL console
    </h1>
    <div
      class="euiFlexGroup euiFlexGroup--directionRow euiFlexGroup--responsive"
    >
      <div
        class="euiFlexItem euiFlexItem--flexGrow1 sql-query-panel"
        paddingsize="none"
      >
        <div
          class="euiText euiText--medium sql-query-panel-header"
        >
          SQL
        </div>
        <div
          class="euiCodeEditorWrapper"
          data-test-subj="codeEditorContainer"
          style="width: 100%; height: 20em;"
        >
          <div
            class="euiCodeEditorKeyboardHint"
            data-test-subj="codeEditorHint"
            id="some_html_id"
            role="button"
            tabindex="0"
          >
            <p
              class="euiText"
            >
              Press Enter to start editing.
            </p>
            <p
              class="euiText"
            >
              When you're done, press Escape to stop editing.
            </p>
          </div>
          <div
            class=" ace_editor ace-sql-console"
            id="brace-editor"
            style="width: 100%; height: 20em; font-size: 12px;"
          >
            <textarea
              aria-label="Code Editor"
              autocapitalize="off"
              autocorrect="off"
              class="ace_text-input"
              spellcheck="false"
              style="opacity: 0;"
              tabindex="-1"
              wrap="off"
            />
            <div
              aria-hidden="true"
              class="ace_gutter"
            >
              <div
                class="ace_layer ace_gutter-layer ace_folding-enabled"
              />
              <div
                class="ace_gutter-active-line"
              />
            </div>
            <div
              class="ace_scroller"
            >
              <div
                class="ace_content"
              >
                <div
                  class="ace_layer ace_print-margin-layer"
                >
                  <div
                    class="ace_print-margin"
                    style="left: 4px; visibility: hidden;"
                  />
                </div>
                <div
                  class="ace_layer ace_marker-layer"
                />
                <div
                  class="ace_layer ace_text-layer"
                  style="padding: 0px 4px;"
                />
                <div
                  class="ace_layer ace_marker-layer"
                />
                <div
                  class="ace_layer ace_cursor-layer ace_hidden-cursors"
                >
                  <div
                    class="ace_cursor"
                  />
                </div>
              </div>
            </div>
            <div
              class="ace_scrollbar ace_scrollbar-v"
              style="display: none; width: 20px;"
            >
              <div
                class="ace_scrollbar-inner"
                style="width: 20px;"
              />
            </div>
            <div
              class="ace_scrollbar ace_scrollbar-h"
              style="display: none; height: 20px;"
            >
              <div
                class="ace_scrollbar-inner"
                style="height: 20px;"
              />
            </div>
            <div
              style="height: auto; width: auto; top: 0px; left: 0px; visibility: hidden; position: absolute; white-space: pre; overflow: hidden;"
            >
              <div
                style="height: auto; width: auto; top: 0px; left: 0px; visibility: hidden; position: absolute; white-space: pre; overflow: visible;"
              />
              <div
                style="height: auto; width: auto; top: 0px; left: 0px; visibility: hidden; position: absolute; white-space: pre; overflow: visible;"
              >
                XXXXXXXXXXXXXXXXXXXXXXXXXXXXXXXXXXXXXXXXXXXXXXXXXXXXXXXXXXXXXXXXXXXXXXXXXXXXXXXXXXXXXXXXXXXXXXXXXXXX
              </div>
            </div>
          </div>
        </div>
      </div>
      <div
        class="euiFlexItem euiFlexItem--flexGrow1 translated-query-panel"
        paddingsize="none"
      >
        <div
          class="euiText euiText--medium translated-query-panel-header"
        >
          Elasticsearch query string
        </div>
        <div
          class="euiCodeEditorWrapper"
          data-test-subj="codeEditorContainer"
          style="width: 100%; height: 20em;"
        >
          <div
            class="euiCodeEditorKeyboardHint"
            data-test-subj="codeEditorHint"
            id="some_html_id"
            role="button"
            tabindex="0"
          >
            <p
              class="euiText"
            >
              Press Enter to start editing.
            </p>
            <p
              class="euiText"
            >
              When you're done, press Escape to stop editing.
            </p>
          </div>
          <div
            class=" ace_editor ace-sql-console"
            id="brace-editor"
            style="width: 100%; height: 20em; font-size: 12px;"
          >
            <textarea
              aria-label="Code Editor"
              autocapitalize="off"
              autocorrect="off"
              class="ace_text-input"
              spellcheck="false"
              style="opacity: 0;"
              tabindex="-1"
              wrap="off"
            />
            <div
              aria-hidden="true"
              class="ace_gutter"
            >
              <div
                class="ace_layer ace_gutter-layer ace_folding-enabled"
              />
              <div
                class="ace_gutter-active-line"
                style="display: none;"
              />
            </div>
            <div
              class="ace_scroller"
            >
              <div
                class="ace_content"
              >
                <div
                  class="ace_layer ace_print-margin-layer"
                >
                  <div
                    class="ace_print-margin"
                    style="left: 4px; visibility: hidden;"
                  />
                </div>
                <div
                  class="ace_layer ace_marker-layer"
                />
                <div
                  class="ace_layer ace_text-layer"
                  style="padding: 0px 4px;"
                />
                <div
                  class="ace_layer ace_marker-layer"
                />
                <div
                  class="ace_layer ace_cursor-layer ace_hidden-cursors"
                >
                  <div
                    class="ace_cursor"
                  />
                </div>
              </div>
            </div>
            <div
              class="ace_scrollbar ace_scrollbar-v"
              style="display: none; width: 20px;"
            >
              <div
                class="ace_scrollbar-inner"
                style="width: 20px;"
              />
            </div>
            <div
              class="ace_scrollbar ace_scrollbar-h"
              style="display: none; height: 20px;"
            >
              <div
                class="ace_scrollbar-inner"
                style="height: 20px;"
              />
            </div>
            <div
              style="height: auto; width: auto; top: 0px; left: 0px; visibility: hidden; position: absolute; white-space: pre; overflow: hidden;"
            >
              <div
                style="height: auto; width: auto; top: 0px; left: 0px; visibility: hidden; position: absolute; white-space: pre; overflow: visible;"
              />
              <div
                style="height: auto; width: auto; top: 0px; left: 0px; visibility: hidden; position: absolute; white-space: pre; overflow: visible;"
              >
                XXXXXXXXXXXXXXXXXXXXXXXXXXXXXXXXXXXXXXXXXXXXXXXXXXXXXXXXXXXXXXXXXXXXXXXXXXXXXXXXXXXXXXXXXXXXXXXXXXXX
              </div>
            </div>
          </div>
        </div>
      </div>
    </div>
    <div
      class="action-container"
    >
      <div
        class="euiFlexGroup euiFlexGroup--gutterMedium euiFlexGroup--directionRow euiFlexGroup--responsive action-container"
      >
        <div
          class="euiFlexItem euiFlexItem--flexGrowZero"
        >
          <button
            class="euiButton euiButton--primary sql-editor-button euiButton--fill"
            type="button"
          >
            <span
              class="euiButton__content"
            >
              <span
                class="euiButton__text"
              >
                Run
              </span>
            </span>
          </button>
        </div>
        <div
          class="euiFlexItem euiFlexItem--flexGrowZero"
        >
          <button
            class="euiButton euiButton--primary sql-editor-button"
            type="button"
          >
            <span
              class="euiButton__content"
            >
              <span
                class="euiButton__text"
              >
                Translate
              </span>
            </span>
          </button>
        </div>
        <div
          class="euiFlexItem euiFlexItem--flexGrowZero"
        >
          <a
            class="euiButtonEmpty euiButtonEmpty--primary euiHeaderLink sql-editor-link"
            href="#"
          >
            <span
              class="euiButtonEmpty__content"
            >
              <span
                class="euiButtonEmpty__text"
              >
                Clear
              </span>
            </span>
          </a>
        </div>
      </div>
    </div>
  </div>
</div>
`;
